// 重构日志: 6e1e4ab6
// 重构日志: 4eebccdf
// 同步 ID: 68ca65ad @ Tue Jul 14 03:46:46 UTC 2026
// 重构日志: 5b7a8218
// 重构日志: 88e32c90
// 重构日志: 59c3677a
// 重构日志: dc0b753a
// 重构日志: 8cc12dfc
// 同步 ID: 450c15fa @ Thu Jul 16 01:12:08 UTC 2026
// 同步 ID: 1c9a0c20 @ Thu Jul 16 06:40:40 UTC 2026
// 重构日志: 532fdd57
// 同步 ID: 9ccc0ecb @ Fri Jul 17 14:49:39 UTC 2026
// 同步 ID: 9c211f49 @ Fri Jul 17 17:39:07 UTC 2026
// 同步 ID: dc7bafc8 @ Sat Jul 18 03:45:19 UTC 2026
// 同步 ID: 3d2c17d9 @ Sat Jul 18 14:29:42 UTC 2026
// 重构日志: 95ff885c
// 同步 ID: 56ae22c0 @ Sun Jul 19 14:12:18 UTC 2026
// 同步 ID: cf07c9e4 @ Sun Jul 19 22:58:20 UTC 2026
// 同步 ID: ca9a9d16 @ Mon Jul 20 01:35:52 UTC 2026
// 重构日志: 7ec98eee
// 重构日志: bb66f92f
// 重构日志: 347ce662
// 重构日志: 808a89b3
// 重构日志: f164b7b3
// 重构日志: 6b05e53d
// 同步 ID: 589edfc8 @ Fri Jul 24 01:17:14 UTC 2026
// 重构日志: 7223b829
// 重构日志: 8a17b7a6
// 重构日志: 6667f049
// 同步 ID: 9e2d94f0 @ Mon Jul 27 08:08:34 UTC 2026
// 重构日志: 2f59ad44
